Using launch settings from C:\Users\Maksim\source\repos\cs2-esports\Properties\launchSettings.json...
info: Microsoft.EntityFrameworkCore.Database.Command[20101]
      Executed DbCommand (20ms) [Parameters=[@normalizedName='?' (Size = 256)], CommandType='Text', CommandTimeout='30']
      SELECT TOP(1) [a].[Id], [a].[ConcurrencyStamp], [a].[Name], [a].[NormalizedName]
      FROM [AspNetRoles] AS [a]
      WHERE [a].[NormalizedName] = @normalizedName
info: Microsoft.EntityFrameworkCore.Database.Command[20101]
      Executed DbCommand (2ms) [Parameters=[@normalizedName='?' (Size = 256)], CommandType='Text', CommandTimeout='30']
      SELECT TOP(1) [a].[Id], [a].[ConcurrencyStamp], [a].[Name], [a].[NormalizedName]
      FROM [AspNetRoles] AS [a]
      WHERE [a].[NormalizedName] = @normalizedName
info: Microsoft.EntityFrameworkCore.Database.Command[20101]
      Executed DbCommand (1ms) [Parameters=[@normalizedName='?' (Size = 256)], CommandType='Text', CommandTimeout='30']
      SELECT TOP(1) [a].[Id], [a].[ConcurrencyStamp], [a].[Name], [a].[NormalizedName]
      FROM [AspNetRoles] AS [a]
      WHERE [a].[NormalizedName] = @normalizedName
info: Microsoft.EntityFrameworkCore.Database.Command[20101]
      Executed DbCommand (1ms) [Parameters=[@normalizedName='?' (Size = 256)], CommandType='Text', CommandTimeout='30']
      SELECT TOP(1) [a].[Id], [a].[ConcurrencyStamp], [a].[Name], [a].[NormalizedName]
      FROM [AspNetRoles] AS [a]
      WHERE [a].[NormalizedName] = @normalizedName
info: Microsoft.EntityFrameworkCore.Database.Command[20101]
      Executed DbCommand (2ms) [Parameters=[], CommandType='Text', CommandTimeout='30']
      SELECT [u].[Id], [u].[Bio], [u].[CountryCode], [u].[DisplayName], [u].[Email], [u].[IsSuspended], [u].[Password], [u].[RegisteredAtUtc], [u].[Username], [a].[HiredAtUtc], [a].[LastModerationActionAtUtc], [a].[PermissionGroup]
      FROM [Users] AS [u]
      INNER JOIN [AdminUsers] AS [a] ON [u].[Id] = [a].[Id]
info: Microsoft.EntityFrameworkCore.Database.Command[20101]
      Executed DbCommand (1ms) [Parameters=[@normalizedUserName='?' (Size = 256)], CommandType='Text', CommandTimeout='30']
      SELECT TOP(1) [a].[Id], [a].[AccessFailedCount], [a].[Bio], [a].[ConcurrencyStamp], [a].[CountryCode], [a].[DisplayName], [a].[Email], [a].[EmailConfirmed], [a].[HiredAtUtc], [a].[IsSuspended], [a].[LastModerationActionAtUtc], [a].[LegacyAdminUserId], [a].[LockoutEnabled], [a].[LockoutEnd], [a].[NormalizedEmail], [a].[NormalizedUserName], [a].[PasswordHash], [a].[PhoneNumber], [a].[PhoneNumberConfirmed], [a].[RegisteredAtUtc], [a].[SecurityStamp], [a].[TwoFactorEnabled], [a].[UserName]
      FROM [AspNetUsers] AS [a]
      WHERE [a].[NormalizedUserName] = @normalizedUserName
info: Microsoft.EntityFrameworkCore.Database.Command[20101]
      Executed DbCommand (2ms) [Parameters=[@normalizedUserName='?' (Size = 256)], CommandType='Text', CommandTimeout='30']
      SELECT TOP(1) [a].[Id], [a].[AccessFailedCount], [a].[Bio], [a].[ConcurrencyStamp], [a].[CountryCode], [a].[DisplayName], [a].[Email], [a].[EmailConfirmed], [a].[HiredAtUtc], [a].[IsSuspended], [a].[LastModerationActionAtUtc], [a].[LegacyAdminUserId], [a].[LockoutEnabled], [a].[LockoutEnd], [a].[NormalizedEmail], [a].[NormalizedUserName], [a].[PasswordHash], [a].[PhoneNumber], [a].[PhoneNumberConfirmed], [a].[RegisteredAtUtc], [a].[SecurityStamp], [a].[TwoFactorEnabled], [a].[UserName]
      FROM [AspNetUsers] AS [a]
      WHERE [a].[NormalizedUserName] = @normalizedUserName
info: Microsoft.EntityFrameworkCore.Database.Command[20101]
      Executed DbCommand (9ms) [Parameters=[@p22='?' (Size = 450), @p0='?' (DbType = Int32), @p1='?' (Size = 4000), @p2='?' (Size = 4000), @p23='?' (Size = 4000), @p3='?' (Size = 4000), @p4='?' (Size = 4000), @p5='?' (Size = 256), @p6='?' (DbType = Boolean), @p7='?' (DbType = DateTime2), @p8='?' (DbType = Boolean), @p9='?' (DbType = DateTime2), @p10='?' (DbType = Int32), @p11='?' (DbType = Boolean), @p12='?' (DbType = DateTimeOffset), @p13='?' (Size = 256), @p14='?' (Size = 256), @p15='?' (Size = 4000), @p16='?' (Size = 4000), @p17='?' (DbType = Boolean), @p18='?' (DbType = DateTime2), @p19='?' (Size = 4000), @p20='?' (DbType = Boolean), @p21='?' (Size = 256)], CommandType='Text', CommandTimeout='30']
      SET IMPLICIT_TRANSACTIONS OFF;
      SET NOCOUNT ON;
      UPDATE [AspNetUsers] SET [AccessFailedCount] = @p0, [Bio] = @p1, [ConcurrencyStamp] = @p2, [CountryCode] = @p3, [DisplayName] = @p4, [Email] = @p5, [EmailConfirmed] = @p6, [HiredAtUtc] = @p7, [IsSuspended] = @p8, [LastModerationActionAtUtc] = @p9, [LegacyAdminUserId] = @p10, [LockoutEnabled] = @p11, [LockoutEnd] = @p12, [NormalizedEmail] = @p13, [NormalizedUserName] = @p14, [PasswordHash] = @p15, [PhoneNumber] = @p16, [PhoneNumberConfirmed] = @p17, [RegisteredAtUtc] = @p18, [SecurityStamp] = @p19, [TwoFactorEnabled] = @p20, [UserName] = @p21
      OUTPUT 1
      WHERE [Id] = @p22 AND [ConcurrencyStamp] = @p23;
info: Microsoft.EntityFrameworkCore.Database.Command[20101]
      Executed DbCommand (2ms) [Parameters=[@userId='?' (Size = 450)], CommandType='Text', CommandTimeout='30']
      SELECT [a0].[Name]
      FROM [AspNetUserRoles] AS [a]
      INNER JOIN [AspNetRoles] AS [a0] ON [a].[RoleId] = [a0].[Id]
      WHERE [a].[UserId] = @userId
info: Microsoft.EntityFrameworkCore.Database.Command[20101]
      Executed DbCommand (1ms) [Parameters=[@normalizedRoleName='?' (Size = 256)], CommandType='Text', CommandTimeout='30']
      SELECT TOP(2) [a].[Id], [a].[ConcurrencyStamp], [a].[Name], [a].[NormalizedName]
      FROM [AspNetRoles] AS [a]
      WHERE [a].[NormalizedName] = @normalizedRoleName
info: Microsoft.EntityFrameworkCore.Database.Command[20101]
      Executed DbCommand (1ms) [Parameters=[@p='?' (Size = 450), @p0='?' (Size = 450)], CommandType='Text', CommandTimeout='30']
      SELECT TOP(1) [a].[UserId], [a].[RoleId]
      FROM [AspNetUserRoles] AS [a]
      WHERE [a].[UserId] = @p AND [a].[RoleId] = @p0
info: Microsoft.EntityFrameworkCore.Database.Command[20101]
      Executed DbCommand (1ms) [Parameters=[@normalizedUserName='?' (Size = 256)], CommandType='Text', CommandTimeout='30']
      SELECT TOP(1) [a].[Id], [a].[AccessFailedCount], [a].[Bio], [a].[ConcurrencyStamp], [a].[CountryCode], [a].[DisplayName], [a].[Email], [a].[EmailConfirmed], [a].[HiredAtUtc], [a].[IsSuspended], [a].[LastModerationActionAtUtc], [a].[LegacyAdminUserId], [a].[LockoutEnabled], [a].[LockoutEnd], [a].[NormalizedEmail], [a].[NormalizedUserName], [a].[PasswordHash], [a].[PhoneNumber], [a].[PhoneNumberConfirmed], [a].[RegisteredAtUtc], [a].[SecurityStamp], [a].[TwoFactorEnabled], [a].[UserName]
      FROM [AspNetUsers] AS [a]
      WHERE [a].[NormalizedUserName] = @normalizedUserName
info: Microsoft.EntityFrameworkCore.Database.Command[20101]
      Executed DbCommand (1ms) [Parameters=[@normalizedUserName='?' (Size = 256)], CommandType='Text', CommandTimeout='30']
      SELECT TOP(1) [a].[Id], [a].[AccessFailedCount], [a].[Bio], [a].[ConcurrencyStamp], [a].[CountryCode], [a].[DisplayName], [a].[Email], [a].[EmailConfirmed], [a].[HiredAtUtc], [a].[IsSuspended], [a].[LastModerationActionAtUtc], [a].[LegacyAdminUserId], [a].[LockoutEnabled], [a].[LockoutEnd], [a].[NormalizedEmail], [a].[NormalizedUserName], [a].[PasswordHash], [a].[PhoneNumber], [a].[PhoneNumberConfirmed], [a].[RegisteredAtUtc], [a].[SecurityStamp], [a].[TwoFactorEnabled], [a].[UserName]
      FROM [AspNetUsers] AS [a]
      WHERE [a].[NormalizedUserName] = @normalizedUserName
info: Microsoft.EntityFrameworkCore.Database.Command[20101]
      Executed DbCommand (9ms) [Parameters=[@p22='?' (Size = 450), @p0='?' (DbType = Int32), @p1='?' (Size = 4000), @p2='?' (Size = 4000), @p23='?' (Size = 4000), @p3='?' (Size = 4000), @p4='?' (Size = 4000), @p5='?' (Size = 256), @p6='?' (DbType = Boolean), @p7='?' (DbType = DateTime2), @p8='?' (DbType = Boolean), @p9='?' (DbType = DateTime2), @p10='?' (DbType = Int32), @p11='?' (DbType = Boolean), @p12='?' (DbType = DateTimeOffset), @p13='?' (Size = 256), @p14='?' (Size = 256), @p15='?' (Size = 4000), @p16='?' (Size = 4000), @p17='?' (DbType = Boolean), @p18='?' (DbType = DateTime2), @p19='?' (Size = 4000), @p20='?' (DbType = Boolean), @p21='?' (Size = 256)], CommandType='Text', CommandTimeout='30']
      SET IMPLICIT_TRANSACTIONS OFF;
      SET NOCOUNT ON;
      UPDATE [AspNetUsers] SET [AccessFailedCount] = @p0, [Bio] = @p1, [ConcurrencyStamp] = @p2, [CountryCode] = @p3, [DisplayName] = @p4, [Email] = @p5, [EmailConfirmed] = @p6, [HiredAtUtc] = @p7, [IsSuspended] = @p8, [LastModerationActionAtUtc] = @p9, [LegacyAdminUserId] = @p10, [LockoutEnabled] = @p11, [LockoutEnd] = @p12, [NormalizedEmail] = @p13, [NormalizedUserName] = @p14, [PasswordHash] = @p15, [PhoneNumber] = @p16, [PhoneNumberConfirmed] = @p17, [RegisteredAtUtc] = @p18, [SecurityStamp] = @p19, [TwoFactorEnabled] = @p20, [UserName] = @p21
      OUTPUT 1
      WHERE [Id] = @p22 AND [ConcurrencyStamp] = @p23;
info: Microsoft.EntityFrameworkCore.Database.Command[20101]
      Executed DbCommand (1ms) [Parameters=[@userId='?' (Size = 450)], CommandType='Text', CommandTimeout='30']
      SELECT [a0].[Name]
      FROM [AspNetUserRoles] AS [a]
      INNER JOIN [AspNetRoles] AS [a0] ON [a].[RoleId] = [a0].[Id]
      WHERE [a].[UserId] = @userId
info: Microsoft.EntityFrameworkCore.Database.Command[20101]
      Executed DbCommand (1ms) [Parameters=[@normalizedRoleName='?' (Size = 256)], CommandType='Text', CommandTimeout='30']
      SELECT TOP(2) [a].[Id], [a].[ConcurrencyStamp], [a].[Name], [a].[NormalizedName]
      FROM [AspNetRoles] AS [a]
      WHERE [a].[NormalizedName] = @normalizedRoleName
info: Microsoft.EntityFrameworkCore.Database.Command[20101]
      Executed DbCommand (1ms) [Parameters=[@p='?' (Size = 450), @p0='?' (Size = 450)], CommandType='Text', CommandTimeout='30']
      SELECT TOP(1) [a].[UserId], [a].[RoleId]
      FROM [AspNetUserRoles] AS [a]
      WHERE [a].[UserId] = @p AND [a].[RoleId] = @p0
info: Microsoft.EntityFrameworkCore.Database.Command[20101]
      Executed DbCommand (1ms) [Parameters=[@normalizedUserName='?' (Size = 256)], CommandType='Text', CommandTimeout='30']
      SELECT TOP(1) [a].[Id], [a].[AccessFailedCount], [a].[Bio], [a].[ConcurrencyStamp], [a].[CountryCode], [a].[DisplayName], [a].[Email], [a].[EmailConfirmed], [a].[HiredAtUtc], [a].[IsSuspended], [a].[LastModerationActionAtUtc], [a].[LegacyAdminUserId], [a].[LockoutEnabled], [a].[LockoutEnd], [a].[NormalizedEmail], [a].[NormalizedUserName], [a].[PasswordHash], [a].[PhoneNumber], [a].[PhoneNumberConfirmed], [a].[RegisteredAtUtc], [a].[SecurityStamp], [a].[TwoFactorEnabled], [a].[UserName]
      FROM [AspNetUsers] AS [a]
      WHERE [a].[NormalizedUserName] = @normalizedUserName
info: Microsoft.EntityFrameworkCore.Database.Command[20101]
      Executed DbCommand (1ms) [Parameters=[@normalizedUserName='?' (Size = 256)], CommandType='Text', CommandTimeout='30']
      SELECT TOP(1) [a].[Id], [a].[AccessFailedCount], [a].[Bio], [a].[ConcurrencyStamp], [a].[CountryCode], [a].[DisplayName], [a].[Email], [a].[EmailConfirmed], [a].[HiredAtUtc], [a].[IsSuspended], [a].[LastModerationActionAtUtc], [a].[LegacyAdminUserId], [a].[LockoutEnabled], [a].[LockoutEnd], [a].[NormalizedEmail], [a].[NormalizedUserName], [a].[PasswordHash], [a].[PhoneNumber], [a].[PhoneNumberConfirmed], [a].[RegisteredAtUtc], [a].[SecurityStamp], [a].[TwoFactorEnabled], [a].[UserName]
      FROM [AspNetUsers] AS [a]
      WHERE [a].[NormalizedUserName] = @normalizedUserName
info: Microsoft.EntityFrameworkCore.Database.Command[20101]
      Executed DbCommand (9ms) [Parameters=[@p22='?' (Size = 450), @p0='?' (DbType = Int32), @p1='?' (Size = 4000), @p2='?' (Size = 4000), @p23='?' (Size = 4000), @p3='?' (Size = 4000), @p4='?' (Size = 4000), @p5='?' (Size = 256), @p6='?' (DbType = Boolean), @p7='?' (DbType = DateTime2), @p8='?' (DbType = Boolean), @p9='?' (DbType = DateTime2), @p10='?' (DbType = Int32), @p11='?' (DbType = Boolean), @p12='?' (DbType = DateTimeOffset), @p13='?' (Size = 256), @p14='?' (Size = 256), @p15='?' (Size = 4000), @p16='?' (Size = 4000), @p17='?' (DbType = Boolean), @p18='?' (DbType = DateTime2), @p19='?' (Size = 4000), @p20='?' (DbType = Boolean), @p21='?' (Size = 256)], CommandType='Text', CommandTimeout='30']
      SET IMPLICIT_TRANSACTIONS OFF;
      SET NOCOUNT ON;
      UPDATE [AspNetUsers] SET [AccessFailedCount] = @p0, [Bio] = @p1, [ConcurrencyStamp] = @p2, [CountryCode] = @p3, [DisplayName] = @p4, [Email] = @p5, [EmailConfirmed] = @p6, [HiredAtUtc] = @p7, [IsSuspended] = @p8, [LastModerationActionAtUtc] = @p9, [LegacyAdminUserId] = @p10, [LockoutEnabled] = @p11, [LockoutEnd] = @p12, [NormalizedEmail] = @p13, [NormalizedUserName] = @p14, [PasswordHash] = @p15, [PhoneNumber] = @p16, [PhoneNumberConfirmed] = @p17, [RegisteredAtUtc] = @p18, [SecurityStamp] = @p19, [TwoFactorEnabled] = @p20, [UserName] = @p21
      OUTPUT 1
      WHERE [Id] = @p22 AND [ConcurrencyStamp] = @p23;
info: Microsoft.EntityFrameworkCore.Database.Command[20101]
      Executed DbCommand (1ms) [Parameters=[@userId='?' (Size = 450)], CommandType='Text', CommandTimeout='30']
      SELECT [a0].[Name]
      FROM [AspNetUserRoles] AS [a]
      INNER JOIN [AspNetRoles] AS [a0] ON [a].[RoleId] = [a0].[Id]
      WHERE [a].[UserId] = @userId
info: Microsoft.EntityFrameworkCore.Database.Command[20101]
      Executed DbCommand (1ms) [Parameters=[@normalizedRoleName='?' (Size = 256)], CommandType='Text', CommandTimeout='30']
      SELECT TOP(2) [a].[Id], [a].[ConcurrencyStamp], [a].[Name], [a].[NormalizedName]
      FROM [AspNetRoles] AS [a]
      WHERE [a].[NormalizedName] = @normalizedRoleName
info: Microsoft.EntityFrameworkCore.Database.Command[20101]
      Executed DbCommand (1ms) [Parameters=[@p='?' (Size = 450), @p0='?' (Size = 450)], CommandType='Text', CommandTimeout='30']
      SELECT TOP(1) [a].[UserId], [a].[RoleId]
      FROM [AspNetUserRoles] AS [a]
      WHERE [a].[UserId] = @p AND [a].[RoleId] = @p0
info: Microsoft.EntityFrameworkCore.Database.Command[20101]
      Executed DbCommand (1ms) [Parameters=[], CommandType='Text', CommandTimeout='30']
      SELECT [t].[Id], [t].[CountryCode], [t].[FoundedYear], [t].[LastRosterUpdateUtc], [t].[Name], [t].[PrizeMoneyUsd], [t].[Tag], [t].[WorldRanking]
      FROM [Teams] AS [t]
info: Microsoft.EntityFrameworkCore.Database.Command[20101]
      Executed DbCommand (3ms) [Parameters=[@p1='?' (DbType = Int32), @p0='?' (Size = 4000), @p3='?' (DbType = Int32), @p2='?' (Size = 4000), @p5='?' (DbType = Int32), @p4='?' (Size = 4000)], CommandType='Text', CommandTimeout='30']
      SET NOCOUNT ON;
      UPDATE [Teams] SET [Name] = @p0
      OUTPUT 1
      WHERE [Id] = @p1;
      UPDATE [Teams] SET [Name] = @p2
      OUTPUT 1
      WHERE [Id] = @p3;
      UPDATE [Teams] SET [Name] = @p4
      OUTPUT 1
      WHERE [Id] = @p5;
info: Microsoft.EntityFrameworkCore.Database.Command[20101]
      Executed DbCommand (1ms) [Parameters=[], CommandType='Text', CommandTimeout='30']
      SELECT [e].[Id], [e].[Capacity], [e].[City], [e].[CountryCode], [e].[IsIndoor], [e].[Name], [e].[SurfaceType]
      FROM [EventVenues] AS [e]
warn: Microsoft.EntityFrameworkCore.Query[20504]
      Compiling a query which loads related collections for more than one collection navigation, either via 'Include' or through projection, but no 'QuerySplittingBehavior' has been configured. By default, Entity Framework will use 'QuerySplittingBehavior.SingleQuery', which can potentially result in slow query performance. See https://go.microsoft.com/fwlink/?linkid=2134277 for more information. To identify the query that's triggering this warning call 'ConfigureWarnings(w => w.Throw(RelationalEventId.MultipleCollectionIncludeWarning))'.
info: Microsoft.EntityFrameworkCore.Database.Command[20101]
      Executed DbCommand (2ms) [Parameters=[@seededEventNames1='?' (Size = 4000), @seededEventNames2='?' (Size = 4000), @seededEventNames3='?' (Size = 4000), @seededEventNames4='?' (Size = 4000), @seededEventNames5='?' (Size = 4000), @seededEventNames6='?' (Size = 4000), @seededEventNames7='?' (Size = 4000), @seededEventNames8='?' (Size = 4000), @seededEventNames9='?' (Size = 4000), @seededEventNames10='?' (Size = 4000)], CommandType='Text', CommandTimeout='30']
      SELECT [t].[Id], [t].[AdminUserId], [t].[BannerImagePath], [t].[EndDateUtc], [t].[EventVenueId], [t].[IsLan], [t].[Name], [t].[Organizer], [t].[PrizePoolUsd], [t].[StartDateUtc], [t].[Tier], [s].[TeamsId], [s].[TournamentsId], [s].[Id], [s].[CountryCode], [s].[FoundedYear], [s].[LastRosterUpdateUtc], [s].[Name], [s].[PrizeMoneyUsd], [s].[Tag], [s].[WorldRanking], [m].[Id], [m].[EventId], [m].[FinishedAtUtc], [m].[Format], [m].[IsFinished], [m].[ScheduledAtUtc], [m].[TeamAId], [m].[TeamAScore], [m].[TeamBId], [m].[TeamBScore]
      FROM [Tournaments] AS [t]
      LEFT JOIN (
          SELECT [e].[TeamsId], [e].[TournamentsId], [t0].[Id], [t0].[CountryCode], [t0].[FoundedYear], [t0].[LastRosterUpdateUtc], [t0].[Name], [t0].[PrizeMoneyUsd], [t0].[Tag], [t0].[WorldRanking]
          FROM [EventTeams] AS [e]
          INNER JOIN [Teams] AS [t0] ON [e].[TeamsId] = [t0].[Id]
      ) AS [s] ON [t].[Id] = [s].[TournamentsId]
      LEFT JOIN [Matches] AS [m] ON [t].[Id] = [m].[EventId]
      WHERE [t].[Name] IN (@seededEventNames1, @seededEventNames2, @seededEventNames3, @seededEventNames4, @seededEventNames5, @seededEventNames6, @seededEventNames7, @seededEventNames8, @seededEventNames9, @seededEventNames10)
      ORDER BY [t].[Id], [s].[TeamsId], [s].[TournamentsId], [s].[Id]
info: Microsoft.EntityFrameworkCore.Database.Command[20101]
      Executed DbCommand (26ms) [Parameters=[@p0='?' (DbType = Int32), @p1='?' (DbType = Int32), @p2='?' (DbType = Int32), @p3='?' (DbType = DateTime2), @p4='?' (DbType = Int32), @p5='?' (DbType = Boolean), @p6='?' (DbType = DateTime2), @p7='?' (DbType = Int32), @p8='?' (DbType = Int32), @p9='?' (DbType = Int32), @p10='?' (DbType = Int32), @p11='?' (DbType = Int32), @p12='?' (DbType = DateTime2), @p13='?' (DbType = Int32), @p14='?' (DbType = Boolean), @p15='?' (DbType = DateTime2), @p16='?' (DbType = Int32), @p17='?' (DbType = Int32), @p18='?' (DbType = Int32), @p19='?' (DbType = Int32), @p20='?' (DbType = Int32), @p21='?' (DbType = DateTime2), @p22='?' (DbType = Int32), @p23='?' (DbType = Boolean), @p24='?' (DbType = DateTime2), @p25='?' (DbType = Int32), @p26='?' (DbType = Int32), @p27='?' (DbType = Int32), @p28='?' (DbType = Int32), @p29='?' (DbType = Int32), @p30='?' (DbType = DateTime2), @p31='?' (DbType = Int32), @p32='?' (DbType = Boolean), @p33='?' (DbType = DateTime2), @p34='?' (DbType = Int32), @p35='?' (DbType = Int32), @p36='?' (DbType = Int32), @p37='?' (DbType = Int32), @p38='?' (DbType = Int32), @p39='?' (DbType = DateTime2), @p40='?' (DbType = Int32), @p41='?' (DbType = Boolean), @p42='?' (DbType = DateTime2), @p43='?' (DbType = Int32), @p44='?' (DbType = Int32), @p45='?' (DbType = Int32), @p46='?' (DbType = Int32), @p47='?' (DbType = Int32), @p48='?' (DbType = DateTime2), @p49='?' (DbType = Int32), @p50='?' (DbType = Boolean), @p51='?' (DbType = DateTime2), @p52='?' (DbType = Int32), @p53='?' (DbType = Int32), @p54='?' (DbType = Int32), @p55='?' (DbType = Int32), @p56='?' (DbType = Int32), @p57='?' (DbType = DateTime2), @p58='?' (DbType = Int32), @p59='?' (DbType = Boolean), @p60='?' (DbType = DateTime2), @p61='?' (DbType = Int32), @p62='?' (DbType = Int32), @p63='?' (DbType = Int32), @p64='?' (DbType = Int32), @p65='?' (DbType = Int32), @p66='?' (DbType = DateTime2), @p67='?' (DbType = Int32), @p68='?' (DbType = Boolean), @p69='?' (DbType = DateTime2), @p70='?' (DbType = Int32), @p71='?' (DbType = Int32), @p72='?' (DbType = Int32), @p73='?' (DbType = Int32), @p79='?' (DbType = Int32), @p74='?' (Size = 4000), @p75='?' (DbType = DateTime2), @p76='?' (DbType = Int32), @p77='?' (Precision = 18) (Scale = 2) (DbType = Decimal), @p78='?' (DbType = DateTime2), @p80='?' (DbType = Int32), @p81='?' (Size = 4000), @p82='?' (DbType = DateTime2), @p83='?' (DbType = Int32), @p84='?' (DbType = Boolean), @p85='?' (Size = 4000), @p86='?' (Size = 4000), @p87='?' (Precision = 18) (Scale = 2) (DbType = Decimal), @p88='?' (DbType = DateTime2), @p89='?' (DbType = Int32), @p90='?' (DbType = Int32), @p91='?' (Size = 4000), @p92='?' (DbType = DateTime2), @p93='?' (DbType = Int32), @p94='?' (DbType = Boolean), @p95='?' (Size = 4000), @p96='?' (Size = 4000), @p97='?' (Precision = 18) (Scale = 2) (DbType = Decimal), @p98='?' (DbType = DateTime2), @p99='?' (DbType = Int32), @p100='?' (DbType = Int32), @p101='?' (Size = 4000), @p102='?' (DbType = DateTime2), @p103='?' (DbType = Int32), @p104='?' (DbType = Boolean), @p105='?' (Size = 4000), @p106='?' (Size = 4000), @p107='?' (Precision = 18) (Scale = 2) (DbType = Decimal), @p108='?' (DbType = DateTime2), @p109='?' (DbType = Int32), @p110='?' (DbType = Int32), @p111='?' (Size = 4000), @p112='?' (DbType = DateTime2), @p113='?' (DbType = Int32), @p114='?' (DbType = Boolean), @p115='?' (Size = 4000), @p116='?' (Size = 4000), @p117='?' (Precision = 18) (Scale = 2) (DbType = Decimal), @p118='?' (DbType = DateTime2), @p119='?' (DbType = Int32), @p120='?' (DbType = Int32), @p121='?' (Size = 4000), @p122='?' (DbType = DateTime2), @p123='?' (DbType = Int32), @p124='?' (DbType = Boolean), @p125='?' (Size = 4000), @p126='?' (Size = 4000), @p127='?' (Precision = 18) (Scale = 2) (DbType = Decimal), @p128='?' (DbType = DateTime2), @p129='?' (DbType = Int32), @p130='?' (DbType = Int32), @p131='?' (Size = 4000), @p132='?' (DbType = DateTime2), @p133='?' (DbType = Int32), @p134='?' (DbType = Boolean), @p135='?' (Size = 4000), @p136='?' (Size = 4000), @p137='?' (Precision = 18) (Scale = 2) (DbType = Decimal), @p138='?' (DbType = DateTime2), @p139='?' (DbType = Int32), @p140='?' (DbType = Int32), @p141='?' (Size = 4000), @p142='?' (DbType = DateTime2), @p143='?' (DbType = Int32), @p144='?' (DbType = Boolean), @p145='?' (Size = 4000), @p146='?' (Size = 4000), @p147='?' (Precision = 18) (Scale = 2) (DbType = Decimal), @p148='?' (DbType = DateTime2), @p149='?' (DbType = Int32), @p150='?' (DbType = Int32), @p151='?' (Size = 4000), @p152='?' (DbType = DateTime2), @p153='?' (DbType = Int32), @p154='?' (DbType = Boolean), @p155='?' (Size = 4000), @p156='?' (Size = 4000), @p157='?' (Precision = 18) (Scale = 2) (DbType = Decimal), @p158='?' (DbType = DateTime2), @p159='?' (DbType = Int32), @p160='?' (DbType = Int32), @p161='?' (Size = 4000), @p162='?' (DbType = DateTime2), @p163='?' (DbType = Int32), @p164='?' (DbType = Boolean), @p165='?' (Size = 4000), @p166='?' (Size = 4000), @p167='?' (Precision = 18) (Scale = 2) (DbType = Decimal), @p168='?' (DbType = DateTime2), @p169='?' (DbType = Int32)], CommandType='Text', CommandTimeout='30']
      SET NOCOUNT ON;
      DELETE FROM [EventTeams]
      OUTPUT 1
      WHERE [TeamsId] = @p0 AND [TournamentsId] = @p1;
      MERGE [Matches] USING (
      VALUES (@p2, @p3, @p4, @p5, @p6, @p7, @p8, @p9, @p10, 0),
      (@p11, @p12, @p13, @p14, @p15, @p16, @p17, @p18, @p19, 1),
      (@p20, @p21, @p22, @p23, @p24, @p25, @p26, @p27, @p28, 2),
      (@p29, @p30, @p31, @p32, @p33, @p34, @p35, @p36, @p37, 3),
      (@p38, @p39, @p40, @p41, @p42, @p43, @p44, @p45, @p46, 4),
      (@p47, @p48, @p49, @p50, @p51, @p52, @p53, @p54, @p55, 5),
      (@p56, @p57, @p58, @p59, @p60, @p61, @p62, @p63, @p64, 6),
      (@p65, @p66, @p67, @p68, @p69, @p70, @p71, @p72, @p73, 7)) AS i ([EventId], [FinishedAtUtc], [Format], [IsFinished], [ScheduledAtUtc], [TeamAId], [TeamAScore], [TeamBId], [TeamBScore], _Position) ON 1=0
      WHEN NOT MATCHED THEN
      INSERT ([EventId], [FinishedAtUtc], [Format], [IsFinished], [ScheduledAtUtc], [TeamAId], [TeamAScore], [TeamBId], [TeamBScore])
      VALUES (i.[EventId], i.[FinishedAtUtc], i.[Format], i.[IsFinished], i.[ScheduledAtUtc], i.[TeamAId], i.[TeamAScore], i.[TeamBId], i.[TeamBScore])
      OUTPUT INSERTED.[Id], i._Position;
      UPDATE [Tournaments] SET [BannerImagePath] = @p74, [EndDateUtc] = @p75, [EventVenueId] = @p76, [PrizePoolUsd] = @p77, [StartDateUtc] = @p78
      OUTPUT 1
      WHERE [Id] = @p79;
      MERGE [Tournaments] USING (
      VALUES (@p80, @p81, @p82, @p83, @p84, @p85, @p86, @p87, @p88, @p89, 0),
      (@p90, @p91, @p92, @p93, @p94, @p95, @p96, @p97, @p98, @p99, 1),
      (@p100, @p101, @p102, @p103, @p104, @p105, @p106, @p107, @p108, @p109, 2),
      (@p110, @p111, @p112, @p113, @p114, @p115, @p116, @p117, @p118, @p119, 3),
      (@p120, @p121, @p122, @p123, @p124, @p125, @p126, @p127, @p128, @p129, 4),
      (@p130, @p131, @p132, @p133, @p134, @p135, @p136, @p137, @p138, @p139, 5),
      (@p140, @p141, @p142, @p143, @p144, @p145, @p146, @p147, @p148, @p149, 6),
      (@p150, @p151, @p152, @p153, @p154, @p155, @p156, @p157, @p158, @p159, 7),
      (@p160, @p161, @p162, @p163, @p164, @p165, @p166, @p167, @p168, @p169, 8)) AS i ([AdminUserId], [BannerImagePath], [EndDateUtc], [EventVenueId], [IsLan], [Name], [Organizer], [PrizePoolUsd], [StartDateUtc], [Tier], _Position) ON 1=0
      WHEN NOT MATCHED THEN
      INSERT ([AdminUserId], [BannerImagePath], [EndDateUtc], [EventVenueId], [IsLan], [Name], [Organizer], [PrizePoolUsd], [StartDateUtc], [Tier])
      VALUES (i.[AdminUserId], i.[BannerImagePath], i.[EndDateUtc], i.[EventVenueId], i.[IsLan], i.[Name], i.[Organizer], i.[PrizePoolUsd], i.[StartDateUtc], i.[Tier])
      OUTPUT INSERTED.[Id], i._Position;
info: Microsoft.EntityFrameworkCore.Database.Command[20101]
      Executed DbCommand (6ms) [Parameters=[@p170='?' (DbType = Int32), @p171='?' (DbType = Int32), @p172='?' (DbType = Int32), @p173='?' (DbType = Int32), @p174='?' (DbType = Int32), @p175='?' (DbType = Int32), @p176='?' (DbType = Int32), @p177='?' (DbType = Int32), @p178='?' (DbType = Int32), @p179='?' (DbType = Int32), @p180='?' (DbType = Int32), @p181='?' (DbType = Int32), @p182='?' (DbType = Int32), @p183='?' (DbType = Int32), @p184='?' (DbType = Int32), @p185='?' (DbType = Int32), @p186='?' (DbType = Int32), @p187='?' (DbType = Int32), @p188='?' (DbType = Int32), @p189='?' (DbType = Int32), @p190='?' (DbType = Int32), @p191='?' (DbType = Int32), @p192='?' (DbType = Int32), @p193='?' (DbType = Int32), @p194='?' (DbType = Int32), @p195='?' (DbType = Int32), @p196='?' (DbType = Int32), @p197='?' (DbType = Int32), @p198='?' (DbType = Int32), @p199='?' (DbType = Int32), @p200='?' (DbType = Int32), @p201='?' (DbType = Int32), @p202='?' (DbType = Int32), @p203='?' (DbType = Int32), @p204='?' (DbType = Int32), @p205='?' (DbType = Int32), @p206='?' (DbType = Int32), @p207='?' (DbType = Int32), @p208='?' (DbType = Int32), @p209='?' (DbType = Int32), @p210='?' (DbType = Int32), @p211='?' (DbType = Int32), @p212='?' (DbType = Int32), @p213='?' (DbType = Int32), @p214='?' (DbType = Int32), @p215='?' (DbType = Int32), @p216='?' (DbType = Int32), @p217='?' (DbType = Int32), @p218='?' (DbType = Int32), @p219='?' (DbType = Int32), @p220='?' (DbType = Int32), @p221='?' (DbType = Int32), @p222='?' (DbType = Int32), @p223='?' (DbType = Int32), @p224='?' (DbType = Int32), @p225='?' (DbType = Int32), @p226='?' (DbType = Int32), @p227='?' (DbType = Int32), @p228='?' (DbType = Int32), @p229='?' (DbType = Int32), @p230='?' (DbType = Int32), @p231='?' (DbType = Int32), @p232='?' (DbType = Int32), @p233='?' (DbType = Int32), @p234='?' (DbType = Int32), @p235='?' (DbType = Int32), @p236='?' (DbType = Int32), @p237='?' (DbType = Int32), @p238='?' (DbType = Int32), @p239='?' (DbType = Int32), @p240='?' (DbType = Int32), @p241='?' (DbType = Int32), @p242='?' (DbType = Int32), @p243='?' (DbType = Int32), @p244='?' (DbType = Int32), @p245='?' (DbType = Int32), @p246='?' (DbType = Int32), @p247='?' (DbType = Int32), @p248='?' (DbType = Int32), @p249='?' (DbType = Int32), @p250='?' (DbType = Int32), @p251='?' (DbType = Int32), @p252='?' (DbType = Int32), @p253='?' (DbType = Int32)], CommandType='Text', CommandTimeout='30']
      SET IMPLICIT_TRANSACTIONS OFF;
      SET NOCOUNT ON;
      INSERT INTO [EventTeams] ([TeamsId], [TournamentsId])
      VALUES (@p170, @p171),
      (@p172, @p173),
      (@p174, @p175),
      (@p176, @p177),
      (@p178, @p179),
      (@p180, @p181),
      (@p182, @p183),
      (@p184, @p185),
      (@p186, @p187),
      (@p188, @p189),
      (@p190, @p191),
      (@p192, @p193),
      (@p194, @p195),
      (@p196, @p197),
      (@p198, @p199),
      (@p200, @p201),
      (@p202, @p203),
      (@p204, @p205),
      (@p206, @p207),
      (@p208, @p209),
      (@p210, @p211),
      (@p212, @p213),
      (@p214, @p215),
      (@p216, @p217),
      (@p218, @p219),
      (@p220, @p221),
      (@p222, @p223),
      (@p224, @p225),
      (@p226, @p227),
      (@p228, @p229),
      (@p230, @p231),
      (@p232, @p233),
      (@p234, @p235),
      (@p236, @p237),
      (@p238, @p239),
      (@p240, @p241),
      (@p242, @p243),
      (@p244, @p245),
      (@p246, @p247),
      (@p248, @p249),
      (@p250, @p251),
      (@p252, @p253);
info: Microsoft.EntityFrameworkCore.Database.Command[20101]
      Executed DbCommand (4ms) [Parameters=[@p0='?' (DbType = Int32), @p1='?' (DbType = Int32), @p2='?' (DbType = Int32), @p3='?' (DbType = Int32), @p4='?' (DbType = Int32), @p5='?' (DbType = Int32), @p6='?' (DbType = Int32), @p7='?' (DbType = Int32), @p8='?' (DbType = Int32), @p9='?' (DbType = Int32), @p10='?' (DbType = Int32), @p11='?' (DbType = Int32), @p12='?' (DbType = Int32), @p13='?' (DbType = Int32), @p14='?' (DbType = Int32), @p15='?' (DbType = Int32), @p16='?' (DbType = Int32), @p17='?' (DbType = Int32), @p18='?' (DbType = Int32), @p19='?' (DbType = Int32), @p20='?' (DbType = Int32), @p21='?' (DbType = Int32), @p22='?' (DbType = Int32), @p23='?' (DbType = Int32), @p24='?' (DbType = Int32), @p25='?' (DbType = Int32), @p26='?' (DbType = Int32), @p27='?' (DbType = Int32), @p28='?' (DbType = Int32), @p29='?' (DbType = Int32), @p30='?' (DbType = Int32), @p31='?' (DbType = Int32), @p32='?' (DbType = Int32), @p33='?' (DbType = Int32), @p34='?' (DbType = Int32), @p35='?' (DbType = Int32), @p36='?' (DbType = Int32), @p37='?' (DbType = Int32), @p38='?' (DbType = Int32), @p39='?' (DbType = Int32), @p40='?' (DbType = Int32), @p41='?' (DbType = Int32), @p42='?' (DbType = Int32), @p43='?' (DbType = Int32), @p44='?' (DbType = Int32), @p45='?' (DbType = Int32), @p46='?' (DbType = Int32), @p47='?' (DbType = Int32), @p48='?' (DbType = Int32), @p49='?' (DbType = Int32), @p50='?' (DbType = Int32), @p51='?' (DbType = Int32), @p52='?' (DbType = Int32), @p53='?' (DbType = Int32), @p54='?' (DbType = Int32), @p55='?' (DbType = Int32), @p56='?' (DbType = Int32), @p57='?' (DbType = Int32), @p58='?' (DbType = Int32), @p59='?' (DbType = Int32), @p60='?' (DbType = Int32), @p61='?' (DbType = Int32), @p62='?' (DbType = Int32), @p63='?' (DbType = Int32), @p64='?' (DbType = Int32), @p65='?' (DbType = Int32), @p66='?' (DbType = Int32), @p67='?' (DbType = Int32), @p68='?' (DbType = Int32), @p69='?' (DbType = Int32), @p70='?' (DbType = Int32), @p71='?' (DbType = Int32), @p72='?' (DbType = Int32), @p73='?' (DbType = Int32), @p74='?' (DbType = Int32), @p75='?' (DbType = Int32), @p76='?' (DbType = Int32), @p77='?' (DbType = Int32), @p78='?' (DbType = Int32), @p79='?' (DbType = Int32), @p80='?' (DbType = Int32), @p81='?' (DbType = Int32), @p82='?' (DbType = Int32), @p83='?' (DbType = Int32)], CommandType='Text', CommandTimeout='30']
      SET IMPLICIT_TRANSACTIONS OFF;
      SET NOCOUNT ON;
      INSERT INTO [EventTeams] ([TeamsId], [TournamentsId])
      VALUES (@p0, @p1),
      (@p2, @p3),
      (@p4, @p5),
      (@p6, @p7),
      (@p8, @p9),
      (@p10, @p11),
      (@p12, @p13),
      (@p14, @p15),
      (@p16, @p17),
      (@p18, @p19),
      (@p20, @p21),
      (@p22, @p23),
      (@p24, @p25),
      (@p26, @p27),
      (@p28, @p29),
      (@p30, @p31),
      (@p32, @p33),
      (@p34, @p35),
      (@p36, @p37),
      (@p38, @p39),
      (@p40, @p41),
      (@p42, @p43),
      (@p44, @p45),
      (@p46, @p47),
      (@p48, @p49),
      (@p50, @p51),
      (@p52, @p53),
      (@p54, @p55),
      (@p56, @p57),
      (@p58, @p59),
      (@p60, @p61),
      (@p62, @p63),
      (@p64, @p65),
      (@p66, @p67),
      (@p68, @p69),
      (@p70, @p71),
      (@p72, @p73),
      (@p74, @p75),
      (@p76, @p77),
      (@p78, @p79),
      (@p80, @p81),
      (@p82, @p83);
info: Microsoft.EntityFrameworkCore.Database.Command[20101]
      Executed DbCommand (29ms) [Parameters=[@p0='?' (DbType = Int32), @p1='?' (DbType = DateTime2), @p2='?' (DbType = Int32), @p3='?' (DbType = Boolean), @p4='?' (DbType = DateTime2), @p5='?' (DbType = Int32), @p6='?' (DbType = Int32), @p7='?' (DbType = Int32), @p8='?' (DbType = Int32), @p9='?' (DbType = Int32), @p10='?' (DbType = DateTime2), @p11='?' (DbType = Int32), @p12='?' (DbType = Boolean), @p13='?' (DbType = DateTime2), @p14='?' (DbType = Int32), @p15='?' (DbType = Int32), @p16='?' (DbType = Int32), @p17='?' (DbType = Int32), @p18='?' (DbType = Int32), @p19='?' (DbType = DateTime2), @p20='?' (DbType = Int32), @p21='?' (DbType = Boolean), @p22='?' (DbType = DateTime2), @p23='?' (DbType = Int32), @p24='?' (DbType = Int32), @p25='?' (DbType = Int32), @p26='?' (DbType = Int32), @p27='?' (DbType = Int32), @p28='?' (DbType = DateTime2), @p29='?' (DbType = Int32), @p30='?' (DbType = Boolean), @p31='?' (DbType = DateTime2), @p32='?' (DbType = Int32), @p33='?' (DbType = Int32), @p34='?' (DbType = Int32), @p35='?' (DbType = Int32), @p36='?' (DbType = Int32), @p37='?' (DbType = DateTime2), @p38='?' (DbType = Int32), @p39='?' (DbType = Boolean), @p40='?' (DbType = DateTime2), @p41='?' (DbType = Int32), @p42='?' (DbType = Int32), @p43='?' (DbType = Int32), @p44='?' (DbType = Int32), @p45='?' (DbType = Int32), @p46='?' (DbType = DateTime2), @p47='?' (DbType = Int32), @p48='?' (DbType = Boolean), @p49='?' (DbType = DateTime2), @p50='?' (DbType = Int32), @p51='?' (DbType = Int32), @p52='?' (DbType = Int32), @p53='?' (DbType = Int32), @p54='?' (DbType = Int32), @p55='?' (DbType = DateTime2), @p56='?' (DbType = Int32), @p57='?' (DbType = Boolean), @p58='?' (DbType = DateTime2), @p59='?' (DbType = Int32), @p60='?' (DbType = Int32), @p61='?' (DbType = Int32), @p62='?' (DbType = Int32), @p63='?' (DbType = Int32), @p64='?' (DbType = DateTime2), @p65='?' (DbType = Int32), @p66='?' (DbType = Boolean), @p67='?' (DbType = DateTime2), @p68='?' (DbType = Int32), @p69='?' (DbType = Int32), @p70='?' (DbType = Int32), @p71='?' (DbType = Int32), @p72='?' (DbType = Int32), @p73='?' (DbType = DateTime2), @p74='?' (DbType = Int32), @p75='?' (DbType = Boolean), @p76='?' (DbType = DateTime2), @p77='?' (DbType = Int32), @p78='?' (DbType = Int32), @p79='?' (DbType = Int32), @p80='?' (DbType = Int32), @p81='?' (DbType = Int32), @p82='?' (DbType = DateTime2), @p83='?' (DbType = Int32), @p84='?' (DbType = Boolean), @p85='?' (DbType = DateTime2), @p86='?' (DbType = Int32), @p87='?' (DbType = Int32), @p88='?' (DbType = Int32), @p89='?' (DbType = Int32), @p90='?' (DbType = Int32), @p91='?' (DbType = DateTime2), @p92='?' (DbType = Int32), @p93='?' (DbType = Boolean), @p94='?' (DbType = DateTime2), @p95='?' (DbType = Int32), @p96='?' (DbType = Int32), @p97='?' (DbType = Int32), @p98='?' (DbType = Int32), @p99='?' (DbType = Int32), @p100='?' (DbType = DateTime2), @p101='?' (DbType = Int32), @p102='?' (DbType = Boolean), @p103='?' (DbType = DateTime2), @p104='?' (DbType = Int32), @p105='?' (DbType = Int32), @p106='?' (DbType = Int32), @p107='?' (DbType = Int32), @p108='?' (DbType = Int32), @p109='?' (DbType = DateTime2), @p110='?' (DbType = Int32), @p111='?' (DbType = Boolean), @p112='?' (DbType = DateTime2), @p113='?' (DbType = Int32), @p114='?' (DbType = Int32), @p115='?' (DbType = Int32), @p116='?' (DbType = Int32), @p117='?' (DbType = Int32), @p118='?' (DbType = DateTime2), @p119='?' (DbType = Int32), @p120='?' (DbType = Boolean), @p121='?' (DbType = DateTime2), @p122='?' (DbType = Int32), @p123='?' (DbType = Int32), @p124='?' (DbType = Int32), @p125='?' (DbType = Int32), @p126='?' (DbType = Int32), @p127='?' (DbType = DateTime2), @p128='?' (DbType = Int32), @p129='?' (DbType = Boolean), @p130='?' (DbType = DateTime2), @p131='?' (DbType = Int32), @p132='?' (DbType = Int32), @p133='?' (DbType = Int32), @p134='?' (DbType = Int32), @p135='?' (DbType = Int32), @p136='?' (DbType = DateTime2), @p137='?' (DbType = Int32), @p138='?' (DbType = Boolean), @p139='?' (DbType = DateTime2), @p140='?' (DbType = Int32), @p141='?' (DbType = Int32), @p142='?' (DbType = Int32), @p143='?' (DbType = Int32), @p144='?' (DbType = Int32), @p145='?' (DbType = DateTime2), @p146='?' (DbType = Int32), @p147='?' (DbType = Boolean), @p148='?' (DbType = DateTime2), @p149='?' (DbType = Int32), @p150='?' (DbType = Int32), @p151='?' (DbType = Int32), @p152='?' (DbType = Int32), @p153='?' (DbType = Int32), @p154='?' (DbType = DateTime2), @p155='?' (DbType = Int32), @p156='?' (DbType = Boolean), @p157='?' (DbType = DateTime2), @p158='?' (DbType = Int32), @p159='?' (DbType = Int32), @p160='?' (DbType = Int32), @p161='?' (DbType = Int32), @p162='?' (DbType = Int32), @p163='?' (DbType = DateTime2), @p164='?' (DbType = Int32), @p165='?' (DbType = Boolean), @p166='?' (DbType = DateTime2), @p167='?' (DbType = Int32), @p168='?' (DbType = Int32), @p169='?' (DbType = Int32), @p170='?' (DbType = Int32), @p171='?' (DbType = Int32), @p172='?' (DbType = DateTime2), @p173='?' (DbType = Int32), @p174='?' (DbType = Boolean), @p175='?' (DbType = DateTime2), @p176='?' (DbType = Int32), @p177='?' (DbType = Int32), @p178='?' (DbType = Int32), @p179='?' (DbType = Int32), @p180='?' (DbType = Int32), @p181='?' (DbType = DateTime2), @p182='?' (DbType = Int32), @p183='?' (DbType = Boolean), @p184='?' (DbType = DateTime2), @p185='?' (DbType = Int32), @p186='?' (DbType = Int32), @p187='?' (DbType = Int32), @p188='?' (DbType = Int32), @p189='?' (DbType = Int32), @p190='?' (DbType = DateTime2), @p191='?' (DbType = Int32), @p192='?' (DbType = Boolean), @p193='?' (DbType = DateTime2), @p194='?' (DbType = Int32), @p195='?' (DbType = Int32), @p196='?' (DbType = Int32), @p197='?' (DbType = Int32), @p198='?' (DbType = Int32), @p199='?' (DbType = DateTime2), @p200='?' (DbType = Int32), @p201='?' (DbType = Boolean), @p202='?' (DbType = DateTime2), @p203='?' (DbType = Int32), @p204='?' (DbType = Int32), @p205='?' (DbType = Int32), @p206='?' (DbType = Int32), @p207='?' (DbType = Int32), @p208='?' (DbType = DateTime2), @p209='?' (DbType = Int32), @p210='?' (DbType = Boolean), @p211='?' (DbType = DateTime2), @p212='?' (DbType = Int32), @p213='?' (DbType = Int32), @p214='?' (DbType = Int32), @p215='?' (DbType = Int32), @p216='?' (DbType = Int32), @p217='?' (DbType = DateTime2), @p218='?' (DbType = Int32), @p219='?' (DbType = Boolean), @p220='?' (DbType = DateTime2), @p221='?' (DbType = Int32), @p222='?' (DbType = Int32), @p223='?' (DbType = Int32), @p224='?' (DbType = Int32), @p225='?' (DbType = Int32), @p226='?' (DbType = DateTime2), @p227='?' (DbType = Int32), @p228='?' (DbType = Boolean), @p229='?' (DbType = DateTime2), @p230='?' (DbType = Int32), @p231='?' (DbType = Int32), @p232='?' (DbType = Int32), @p233='?' (DbType = Int32), @p234='?' (DbType = Int32), @p235='?' (DbType = DateTime2), @p236='?' (DbType = Int32), @p237='?' (DbType = Boolean), @p238='?' (DbType = DateTime2), @p239='?' (DbType = Int32), @p240='?' (DbType = Int32), @p241='?' (DbType = Int32), @p242='?' (DbType = Int32), @p243='?' (DbType = Int32), @p244='?' (DbType = DateTime2), @p245='?' (DbType = Int32), @p246='?' (DbType = Boolean), @p247='?' (DbType = DateTime2), @p248='?' (DbType = Int32), @p249='?' (DbType = Int32), @p250='?' (DbType = Int32), @p251='?' (DbType = Int32), @p252='?' (DbType = Int32), @p253='?' (DbType = DateTime2), @p254='?' (DbType = Int32), @p255='?' (DbType = Boolean), @p256='?' (DbType = DateTime2), @p257='?' (DbType = Int32), @p258='?' (DbType = Int32), @p259='?' (DbType = Int32), @p260='?' (DbType = Int32), @p261='?' (DbType = Int32), @p262='?' (DbType = DateTime2), @p263='?' (DbType = Int32), @p264='?' (DbType = Boolean), @p265='?' (DbType = DateTime2), @p266='?' (DbType = Int32), @p267='?' (DbType = Int32), @p268='?' (DbType = Int32), @p269='?' (DbType = Int32), @p270='?' (DbType = Int32), @p271='?' (DbType = DateTime2), @p272='?' (DbType = Int32), @p273='?' (DbType = Boolean), @p274='?' (DbType = DateTime2), @p275='?' (DbType = Int32), @p276='?' (DbType = Int32), @p277='?' (DbType = Int32), @p278='?' (DbType = Int32), @p279='?' (DbType = Int32), @p280='?' (DbType = DateTime2), @p281='?' (DbType = Int32), @p282='?' (DbType = Boolean), @p283='?' (DbType = DateTime2), @p284='?' (DbType = Int32), @p285='?' (DbType = Int32), @p286='?' (DbType = Int32), @p287='?' (DbType = Int32), @p288='?' (DbType = Int32), @p289='?' (DbType = DateTime2), @p290='?' (DbType = Int32), @p291='?' (DbType = Boolean), @p292='?' (DbType = DateTime2), @p293='?' (DbType = Int32), @p294='?' (DbType = Int32), @p295='?' (DbType = Int32), @p296='?' (DbType = Int32), @p297='?' (DbType = Int32), @p298='?' (DbType = DateTime2), @p299='?' (DbType = Int32), @p300='?' (DbType = Boolean), @p301='?' (DbType = DateTime2), @p302='?' (DbType = Int32), @p303='?' (DbType = Int32), @p304='?' (DbType = Int32), @p305='?' (DbType = Int32), @p306='?' (DbType = Int32), @p307='?' (DbType = DateTime2), @p308='?' (DbType = Int32), @p309='?' (DbType = Boolean), @p310='?' (DbType = DateTime2), @p311='?' (DbType = Int32), @p312='?' (DbType = Int32), @p313='?' (DbType = Int32), @p314='?' (DbType = Int32), @p315='?' (DbType = Int32), @p316='?' (DbType = DateTime2), @p317='?' (DbType = Int32), @p318='?' (DbType = Boolean), @p319='?' (DbType = DateTime2), @p320='?' (DbType = Int32), @p321='?' (DbType = Int32), @p322='?' (DbType = Int32), @p323='?' (DbType = Int32), @p324='?' (DbType = Int32), @p325='?' (DbType = DateTime2), @p326='?' (DbType = Int32), @p327='?' (DbType = Boolean), @p328='?' (DbType = DateTime2), @p329='?' (DbType = Int32), @p330='?' (DbType = Int32), @p331='?' (DbType = Int32), @p332='?' (DbType = Int32), @p333='?' (DbType = Int32), @p334='?' (DbType = DateTime2), @p335='?' (DbType = Int32), @p336='?' (DbType = Boolean), @p337='?' (DbType = DateTime2), @p338='?' (DbType = Int32), @p339='?' (DbType = Int32), @p340='?' (DbType = Int32), @p341='?' (DbType = Int32), @p342='?' (DbType = Int32), @p343='?' (DbType = DateTime2), @p344='?' (DbType = Int32), @p345='?' (DbType = Boolean), @p346='?' (DbType = DateTime2), @p347='?' (DbType = Int32), @p348='?' (DbType = Int32), @p349='?' (DbType = Int32), @p350='?' (DbType = Int32), @p351='?' (DbType = Int32), @p352='?' (DbType = DateTime2), @p353='?' (DbType = Int32), @p354='?' (DbType = Boolean), @p355='?' (DbType = DateTime2), @p356='?' (DbType = Int32), @p357='?' (DbType = Int32), @p358='?' (DbType = Int32), @p359='?' (DbType = Int32), @p360='?' (DbType = Int32), @p361='?' (DbType = DateTime2), @p362='?' (DbType = Int32), @p363='?' (DbType = Boolean), @p364='?' (DbType = DateTime2), @p365='?' (DbType = Int32), @p366='?' (DbType = Int32), @p367='?' (DbType = Int32), @p368='?' (DbType = Int32), @p369='?' (DbType = Int32), @p370='?' (DbType = DateTime2), @p371='?' (DbType = Int32), @p372='?' (DbType = Boolean), @p373='?' (DbType = DateTime2), @p374='?' (DbType = Int32), @p375='?' (DbType = Int32), @p376='?' (DbType = Int32), @p377='?' (DbType = Int32)], CommandType='Text', CommandTimeout='30']
      SET IMPLICIT_TRANSACTIONS OFF;
      SET NOCOUNT ON;
      MERGE [Matches] USING (
      VALUES (@p0, @p1, @p2, @p3, @p4, @p5, @p6, @p7, @p8, 0),
      (@p9, @p10, @p11, @p12, @p13, @p14, @p15, @p16, @p17, 1),
      (@p18, @p19, @p20, @p21, @p22, @p23, @p24, @p25, @p26, 2),
      (@p27, @p28, @p29, @p30, @p31, @p32, @p33, @p34, @p35, 3),
      (@p36, @p37, @p38, @p39, @p40, @p41, @p42, @p43, @p44, 4),
      (@p45, @p46, @p47, @p48, @p49, @p50, @p51, @p52, @p53, 5),
      (@p54, @p55, @p56, @p57, @p58, @p59, @p60, @p61, @p62, 6),
      (@p63, @p64, @p65, @p66, @p67, @p68, @p69, @p70, @p71, 7),
      (@p72, @p73, @p74, @p75, @p76, @p77, @p78, @p79, @p80, 8),
      (@p81, @p82, @p83, @p84, @p85, @p86, @p87, @p88, @p89, 9),
      (@p90, @p91, @p92, @p93, @p94, @p95, @p96, @p97, @p98, 10),
      (@p99, @p100, @p101, @p102, @p103, @p104, @p105, @p106, @p107, 11),
      (@p108, @p109, @p110, @p111, @p112, @p113, @p114, @p115, @p116, 12),
      (@p117, @p118, @p119, @p120, @p121, @p122, @p123, @p124, @p125, 13),
      (@p126, @p127, @p128, @p129, @p130, @p131, @p132, @p133, @p134, 14),
      (@p135, @p136, @p137, @p138, @p139, @p140, @p141, @p142, @p143, 15),
      (@p144, @p145, @p146, @p147, @p148, @p149, @p150, @p151, @p152, 16),
      (@p153, @p154, @p155, @p156, @p157, @p158, @p159, @p160, @p161, 17),
      (@p162, @p163, @p164, @p165, @p166, @p167, @p168, @p169, @p170, 18),
      (@p171, @p172, @p173, @p174, @p175, @p176, @p177, @p178, @p179, 19),
      (@p180, @p181, @p182, @p183, @p184, @p185, @p186, @p187, @p188, 20),
      (@p189, @p190, @p191, @p192, @p193, @p194, @p195, @p196, @p197, 21),
      (@p198, @p199, @p200, @p201, @p202, @p203, @p204, @p205, @p206, 22),
      (@p207, @p208, @p209, @p210, @p211, @p212, @p213, @p214, @p215, 23),
      (@p216, @p217, @p218, @p219, @p220, @p221, @p222, @p223, @p224, 24),
      (@p225, @p226, @p227, @p228, @p229, @p230, @p231, @p232, @p233, 25),
      (@p234, @p235, @p236, @p237, @p238, @p239, @p240, @p241, @p242, 26),
      (@p243, @p244, @p245, @p246, @p247, @p248, @p249, @p250, @p251, 27),
      (@p252, @p253, @p254, @p255, @p256, @p257, @p258, @p259, @p260, 28),
      (@p261, @p262, @p263, @p264, @p265, @p266, @p267, @p268, @p269, 29),
      (@p270, @p271, @p272, @p273, @p274, @p275, @p276, @p277, @p278, 30),
      (@p279, @p280, @p281, @p282, @p283, @p284, @p285, @p286, @p287, 31),
      (@p288, @p289, @p290, @p291, @p292, @p293, @p294, @p295, @p296, 32),
      (@p297, @p298, @p299, @p300, @p301, @p302, @p303, @p304, @p305, 33),
      (@p306, @p307, @p308, @p309, @p310, @p311, @p312, @p313, @p314, 34),
      (@p315, @p316, @p317, @p318, @p319, @p320, @p321, @p322, @p323, 35),
      (@p324, @p325, @p326, @p327, @p328, @p329, @p330, @p331, @p332, 36),
      (@p333, @p334, @p335, @p336, @p337, @p338, @p339, @p340, @p341, 37),
      (@p342, @p343, @p344, @p345, @p346, @p347, @p348, @p349, @p350, 38),
      (@p351, @p352, @p353, @p354, @p355, @p356, @p357, @p358, @p359, 39),
      (@p360, @p361, @p362, @p363, @p364, @p365, @p366, @p367, @p368, 40),
      (@p369, @p370, @p371, @p372, @p373, @p374, @p375, @p376, @p377, 41)) AS i ([EventId], [FinishedAtUtc], [Format], [IsFinished], [ScheduledAtUtc], [TeamAId], [TeamAScore], [TeamBId], [TeamBScore], _Position) ON 1=0
      WHEN NOT MATCHED THEN
      INSERT ([EventId], [FinishedAtUtc], [Format], [IsFinished], [ScheduledAtUtc], [TeamAId], [TeamAScore], [TeamBId], [TeamBScore])
      VALUES (i.[EventId], i.[FinishedAtUtc], i.[Format], i.[IsFinished], i.[ScheduledAtUtc], i.[TeamAId], i.[TeamAScore], i.[TeamBId], i.[TeamBScore])
      OUTPUT INSERTED.[Id], i._Position;
info: Microsoft.EntityFrameworkCore.Database.Command[20101]
      Executed DbCommand (10ms) [Parameters=[@p0='?' (DbType = Int32), @p1='?' (DbType = DateTime2), @p2='?' (DbType = Int32), @p3='?' (DbType = Boolean), @p4='?' (DbType = DateTime2), @p5='?' (DbType = Int32), @p6='?' (DbType = Int32), @p7='?' (DbType = Int32), @p8='?' (DbType = Int32), @p9='?' (DbType = Int32), @p10='?' (DbType = DateTime2), @p11='?' (DbType = Int32), @p12='?' (DbType = Boolean), @p13='?' (DbType = DateTime2), @p14='?' (DbType = Int32), @p15='?' (DbType = Int32), @p16='?' (DbType = Int32), @p17='?' (DbType = Int32), @p18='?' (DbType = Int32), @p19='?' (DbType = DateTime2), @p20='?' (DbType = Int32), @p21='?' (DbType = Boolean), @p22='?' (DbType = DateTime2), @p23='?' (DbType = Int32), @p24='?' (DbType = Int32), @p25='?' (DbType = Int32), @p26='?' (DbType = Int32), @p27='?' (DbType = Int32), @p28='?' (DbType = DateTime2), @p29='?' (DbType = Int32), @p30='?' (DbType = Boolean), @p31='?' (DbType = DateTime2), @p32='?' (DbType = Int32), @p33='?' (DbType = Int32), @p34='?' (DbType = Int32), @p35='?' (DbType = Int32), @p36='?' (DbType = Int32), @p37='?' (DbType = DateTime2), @p38='?' (DbType = Int32), @p39='?' (DbType = Boolean), @p40='?' (DbType = DateTime2), @p41='?' (DbType = Int32), @p42='?' (DbType = Int32), @p43='?' (DbType = Int32), @p44='?' (DbType = Int32), @p45='?' (DbType = Int32), @p46='?' (DbType = DateTime2), @p47='?' (DbType = Int32), @p48='?' (DbType = Boolean), @p49='?' (DbType = DateTime2), @p50='?' (DbType = Int32), @p51='?' (DbType = Int32), @p52='?' (DbType = Int32), @p53='?' (DbType = Int32), @p54='?' (DbType = Int32), @p55='?' (DbType = DateTime2), @p56='?' (DbType = Int32), @p57='?' (DbType = Boolean), @p58='?' (DbType = DateTime2), @p59='?' (DbType = Int32), @p60='?' (DbType = Int32), @p61='?' (DbType = Int32), @p62='?' (DbType = Int32), @p63='?' (DbType = Int32), @p64='?' (DbType = DateTime2), @p65='?' (DbType = Int32), @p66='?' (DbType = Boolean), @p67='?' (DbType = DateTime2), @p68='?' (DbType = Int32), @p69='?' (DbType = Int32), @p70='?' (DbType = Int32), @p71='?' (DbType = Int32), @p72='?' (DbType = Int32), @p73='?' (DbType = DateTime2), @p74='?' (DbType = Int32), @p75='?' (DbType = Boolean), @p76='?' (DbType = DateTime2), @p77='?' (DbType = Int32), @p78='?' (DbType = Int32), @p79='?' (DbType = Int32), @p80='?' (DbType = Int32), @p81='?' (DbType = Int32), @p82='?' (DbType = DateTime2), @p83='?' (DbType = Int32), @p84='?' (DbType = Boolean), @p85='?' (DbType = DateTime2), @p86='?' (DbType = Int32), @p87='?' (DbType = Int32), @p88='?' (DbType = Int32), @p89='?' (DbType = Int32), @p90='?' (DbType = Int32), @p91='?' (DbType = DateTime2), @p92='?' (DbType = Int32), @p93='?' (DbType = Boolean), @p94='?' (DbType = DateTime2), @p95='?' (DbType = Int32), @p96='?' (DbType = Int32), @p97='?' (DbType = Int32), @p98='?' (DbType = Int32), @p99='?' (DbType = Int32), @p100='?' (DbType = DateTime2), @p101='?' (DbType = Int32), @p102='?' (DbType = Boolean), @p103='?' (DbType = DateTime2), @p104='?' (DbType = Int32), @p105='?' (DbType = Int32), @p106='?' (DbType = Int32), @p107='?' (DbType = Int32), @p108='?' (DbType = Int32), @p109='?' (DbType = DateTime2), @p110='?' (DbType = Int32), @p111='?' (DbType = Boolean), @p112='?' (DbType = DateTime2), @p113='?' (DbType = Int32), @p114='?' (DbType = Int32), @p115='?' (DbType = Int32), @p116='?' (DbType = Int32), @p117='?' (DbType = Int32), @p118='?' (DbType = DateTime2), @p119='?' (DbType = Int32), @p120='?' (DbType = Boolean), @p121='?' (DbType = DateTime2), @p122='?' (DbType = Int32), @p123='?' (DbType = Int32), @p124='?' (DbType = Int32), @p125='?' (DbType = Int32), @p126='?' (DbType = Int32), @p127='?' (DbType = DateTime2), @p128='?' (DbType = Int32), @p129='?' (DbType = Boolean), @p130='?' (DbType = DateTime2), @p131='?' (DbType = Int32), @p132='?' (DbType = Int32), @p133='?' (DbType = Int32), @p134='?' (DbType = Int32), @p135='?' (DbType = Int32), @p136='?' (DbType = DateTime2), @p137='?' (DbType = Int32), @p138='?' (DbType = Boolean), @p139='?' (DbType = DateTime2), @p140='?' (DbType = Int32), @p141='?' (DbType = Int32), @p142='?' (DbType = Int32), @p143='?' (DbType = Int32), @p144='?' (DbType = Int32), @p145='?' (DbType = DateTime2), @p146='?' (DbType = Int32), @p147='?' (DbType = Boolean), @p148='?' (DbType = DateTime2), @p149='?' (DbType = Int32), @p150='?' (DbType = Int32), @p151='?' (DbType = Int32), @p152='?' (DbType = Int32), @p153='?' (DbType = Int32), @p154='?' (DbType = DateTime2), @p155='?' (DbType = Int32), @p156='?' (DbType = Boolean), @p157='?' (DbType = DateTime2), @p158='?' (DbType = Int32), @p159='?' (DbType = Int32), @p160='?' (DbType = Int32), @p161='?' (DbType = Int32), @p162='?' (DbType = Int32), @p163='?' (DbType = DateTime2), @p164='?' (DbType = Int32), @p165='?' (DbType = Boolean), @p166='?' (DbType = DateTime2), @p167='?' (DbType = Int32), @p168='?' (DbType = Int32), @p169='?' (DbType = Int32), @p170='?' (DbType = Int32), @p171='?' (DbType = Int32), @p172='?' (DbType = DateTime2), @p173='?' (DbType = Int32), @p174='?' (DbType = Boolean), @p175='?' (DbType = DateTime2), @p176='?' (DbType = Int32), @p177='?' (DbType = Int32), @p178='?' (DbType = Int32), @p179='?' (DbType = Int32), @p180='?' (DbType = Int32), @p181='?' (DbType = DateTime2), @p182='?' (DbType = Int32), @p183='?' (DbType = Boolean), @p184='?' (DbType = DateTime2), @p185='?' (DbType = Int32), @p186='?' (DbType = Int32), @p187='?' (DbType = Int32), @p188='?' (DbType = Int32)], CommandType='Text', CommandTimeout='30']
      SET IMPLICIT_TRANSACTIONS OFF;
      SET NOCOUNT ON;
      MERGE [Matches] USING (
      VALUES (@p0, @p1, @p2, @p3, @p4, @p5, @p6, @p7, @p8, 0),
      (@p9, @p10, @p11, @p12, @p13, @p14, @p15, @p16, @p17, 1),
      (@p18, @p19, @p20, @p21, @p22, @p23, @p24, @p25, @p26, 2),
      (@p27, @p28, @p29, @p30, @p31, @p32, @p33, @p34, @p35, 3),
      (@p36, @p37, @p38, @p39, @p40, @p41, @p42, @p43, @p44, 4),
      (@p45, @p46, @p47, @p48, @p49, @p50, @p51, @p52, @p53, 5),
      (@p54, @p55, @p56, @p57, @p58, @p59, @p60, @p61, @p62, 6),
      (@p63, @p64, @p65, @p66, @p67, @p68, @p69, @p70, @p71, 7),
      (@p72, @p73, @p74, @p75, @p76, @p77, @p78, @p79, @p80, 8),
      (@p81, @p82, @p83, @p84, @p85, @p86, @p87, @p88, @p89, 9),
      (@p90, @p91, @p92, @p93, @p94, @p95, @p96, @p97, @p98, 10),
      (@p99, @p100, @p101, @p102, @p103, @p104, @p105, @p106, @p107, 11),
      (@p108, @p109, @p110, @p111, @p112, @p113, @p114, @p115, @p116, 12),
      (@p117, @p118, @p119, @p120, @p121, @p122, @p123, @p124, @p125, 13),
      (@p126, @p127, @p128, @p129, @p130, @p131, @p132, @p133, @p134, 14),
      (@p135, @p136, @p137, @p138, @p139, @p140, @p141, @p142, @p143, 15),
      (@p144, @p145, @p146, @p147, @p148, @p149, @p150, @p151, @p152, 16),
      (@p153, @p154, @p155, @p156, @p157, @p158, @p159, @p160, @p161, 17),
      (@p162, @p163, @p164, @p165, @p166, @p167, @p168, @p169, @p170, 18),
      (@p171, @p172, @p173, @p174, @p175, @p176, @p177, @p178, @p179, 19),
      (@p180, @p181, @p182, @p183, @p184, @p185, @p186, @p187, @p188, 20)) AS i ([EventId], [FinishedAtUtc], [Format], [IsFinished], [ScheduledAtUtc], [TeamAId], [TeamAScore], [TeamBId], [TeamBScore], _Position) ON 1=0
      WHEN NOT MATCHED THEN
      INSERT ([EventId], [FinishedAtUtc], [Format], [IsFinished], [ScheduledAtUtc], [TeamAId], [TeamAScore], [TeamBId], [TeamBScore])
      VALUES (i.[EventId], i.[FinishedAtUtc], i.[Format], i.[IsFinished], i.[ScheduledAtUtc], i.[TeamAId], i.[TeamAScore], i.[TeamBId], i.[TeamBScore])
      OUTPUT INSERTED.[Id], i._Position;
info: Microsoft.EntityFrameworkCore.Database.Command[20101]
      Executed DbCommand (1ms) [Parameters=[], CommandType='Text', CommandTimeout='30']
      SELECT COUNT(*)
      FROM [Teams] AS [t]
info: Microsoft.EntityFrameworkCore.Database.Command[20101]
      Executed DbCommand (1ms) [Parameters=[], CommandType='Text', CommandTimeout='30']
      SELECT COUNT(*)
      FROM [Tournaments] AS [t]
info: Microsoft.EntityFrameworkCore.Database.Command[20101]
      Executed DbCommand (1ms) [Parameters=[], CommandType='Text', CommandTimeout='30']
      SELECT COUNT(*)
      FROM [Matches] AS [m]
info: Microsoft.EntityFrameworkCore.Database.Command[20101]
      Executed DbCommand (1ms) [Parameters=[], CommandType='Text', CommandTimeout='30']
      SELECT COUNT(*)
      FROM [Forums] AS [f]
info: Microsoft.EntityFrameworkCore.Database.Command[20101]
      Executed DbCommand (1ms) [Parameters=[], CommandType='Text', CommandTimeout='30']
      SELECT COUNT(*)
      FROM [Players] AS [p]
info: cs2-esports[0]
      Database seeded with 18 teams, 17 events, 100 matches, 4 forums and 100 players.
info: Microsoft.Hosting.Lifetime[14]
      Now listening on: http://localhost:5079
info: Microsoft.Hosting.Lifetime[0]
      Application started. Press Ctrl+C to shut down.
info: Microsoft.Hosting.Lifetime[0]
      Hosting environment: Development
info: Microsoft.Hosting.Lifetime[0]
      Content root path: C:\Users\Maksim\source\repos\cs2-esports
